\BOOKMARK [0][-]{chapter*.2}{\376\377\000I\000n\000t\000r\000o\000d\000u\000c\000t\000i\000o\000n}{}% 1
\BOOKMARK [1][-]{section*.3}{\376\377\000A\000b\000o\000u\000t\000\040\000O\000u\000t\000O\000f\0005\000K}{chapter*.2}% 2
\BOOKMARK [1][-]{section*.6}{\376\377\000D\000o\000c\000u\000m\000e\000n\000t\000\040\000O\000v\000e\000r\000v\000i\000e\000w}{chapter*.2}% 3
\BOOKMARK [1][-]{section*.7}{\376\377\000T\000e\000c\000h\000n\000o\000l\000o\000g\000y\000\040\000S\000t\000a\000c\000k}{chapter*.2}% 4
\BOOKMARK [1][-]{section*.8}{\376\377\000Q\000u\000i\000c\000k\000\040\000L\000i\000n\000k\000s}{chapter*.2}% 5
\BOOKMARK [0][-]{chapter*.9}{\376\377\000A\000r\000c\000h\000i\000t\000e\000c\000t\000u\000r\000e}{}% 6
\BOOKMARK [1][-]{section*.10}{\376\377\000D\000e\000s\000i\000g\000n\000\040\000P\000h\000i\000l\000o\000s\000o\000p\000h\000y}{chapter*.9}% 7
\BOOKMARK [1][-]{section*.11}{\376\377\000S\000y\000s\000t\000e\000m\000\040\000C\000o\000n\000t\000e\000x\000t}{chapter*.9}% 8
\BOOKMARK [1][-]{section*.12}{\376\377\000C\000o\000n\000t\000a\000i\000n\000e\000r\000\040\000A\000r\000c\000h\000i\000t\000e\000c\000t\000u\000r\000e}{chapter*.9}% 9
\BOOKMARK [1][-]{section*.17}{\376\377\000C\000o\000m\000p\000o\000n\000e\000n\000t\000\040\000D\000e\000t\000a\000i\000l\000s}{chapter*.9}% 10
\BOOKMARK [1][-]{section*.21}{\376\377\000T\000e\000c\000h\000n\000o\000l\000o\000g\000y\000\040\000R\000a\000t\000i\000o\000n\000a\000l\000e}{chapter*.9}% 11
\BOOKMARK [0][-]{chapter*.22}{\376\377\000D\000a\000t\000a\000\040\000F\000l\000o\000w}{}% 12
\BOOKMARK [1][-]{section*.23}{\376\377\000O\000v\000e\000r\000v\000i\000e\000w}{chapter*.22}% 13
\BOOKMARK [1][-]{section*.24}{\376\377\000D\000e\000m\000o\000\040\000I\000m\000p\000o\000r\000t\000\040\000P\000i\000p\000e\000l\000i\000n\000e}{chapter*.22}% 14
\BOOKMARK [1][-]{section*.27}{\376\377\000I\000P\000C\000\040\000P\000r\000o\000t\000o\000c\000o\000l}{chapter*.22}% 15
\BOOKMARK [1][-]{section*.30}{\376\377\000E\000v\000e\000n\000t\000\040\000S\000y\000s\000t\000e\000m}{chapter*.22}% 16
\BOOKMARK [1][-]{section*.33}{\376\377\000P\000l\000a\000y\000b\000a\000c\000k\000\040\000D\000a\000t\000a\000\040\000F\000l\000o\000w}{chapter*.22}% 17
\BOOKMARK [1][-]{section*.34}{\376\377\000E\000x\000t\000e\000r\000n\000a\000l\000\040\000A\000P\000I\000\040\000S\000y\000n\000c}{chapter*.22}% 18
\BOOKMARK [1][-]{section*.35}{\376\377\000Q\000u\000e\000r\000y\000\040\000P\000a\000t\000t\000e\000r\000n\000s}{chapter*.22}% 19
\BOOKMARK [1][-]{section*.36}{\376\377\000P\000e\000r\000f\000o\000r\000m\000a\000n\000c\000e\000\040\000C\000o\000n\000s\000i\000d\000e\000r\000a\000t\000i\000o\000n\000s}{chapter*.22}% 20
\BOOKMARK [0][-]{chapter*.37}{\376\377\000D\000e\000s\000i\000g\000n\000\040\000P\000a\000t\000t\000e\000r\000n\000s}{}% 21
\BOOKMARK [1][-]{section*.38}{\376\377\000P\000a\000t\000t\000e\000r\000n\000\040\000S\000u\000m\000m\000a\000r\000y}{chapter*.37}% 22
\BOOKMARK [1][-]{section*.39}{\376\377\000R\000e\000p\000o\000s\000i\000t\000o\000r\000y\000\040\000P\000a\000t\000t\000e\000r\000n}{chapter*.37}% 23
\BOOKMARK [1][-]{section*.40}{\376\377\000C\000o\000m\000m\000a\000n\000d\000\040\000P\000a\000t\000t\000e\000r\000n}{chapter*.37}% 24
\BOOKMARK [1][-]{section*.41}{\376\377\000O\000b\000s\000e\000r\000v\000e\000r\000\040\000P\000a\000t\000t\000e\000r\000n}{chapter*.37}% 25
\BOOKMARK [1][-]{section*.44}{\376\377\000F\000a\000c\000t\000o\000r\000y\000\040\000P\000a\000t\000t\000e\000r\000n}{chapter*.37}% 26
\BOOKMARK [1][-]{section*.45}{\376\377\000S\000t\000r\000a\000t\000e\000g\000y\000\040\000P\000a\000t\000t\000e\000r\000n}{chapter*.37}% 27
\BOOKMARK [1][-]{section*.46}{\376\377\000A\000d\000a\000p\000t\000e\000r\000\040\000P\000a\000t\000t\000e\000r\000n}{chapter*.37}% 28
\BOOKMARK [1][-]{section*.47}{\376\377\000F\000a\000c\000a\000d\000e\000\040\000P\000a\000t\000t\000e\000r\000n}{chapter*.37}% 29
\BOOKMARK [1][-]{section*.48}{\376\377\000B\000u\000i\000l\000d\000e\000r\000\040\000P\000a\000t\000t\000e\000r\000n}{chapter*.37}% 30
\BOOKMARK [0][-]{chapter*.49}{\376\377\000A\000r\000c\000h\000i\000t\000e\000c\000t\000u\000r\000e\000\040\000D\000e\000c\000i\000s\000i\000o\000n\000s}{}% 31
\BOOKMARK [1][-]{section*.50}{\376\377\000A\000D\000R\000-\0000\0000\0001\000:\000\040\000T\000a\000u\000r\000i\000\040\000a\000s\000\040\000D\000e\000s\000k\000t\000o\000p\000\040\000F\000r\000a\000m\000e\000w\000o\000r\000k}{chapter*.49}% 32
\BOOKMARK [1][-]{section*.55}{\376\377\000A\000D\000R\000-\0000\0000\0002\000:\000\040\000S\000v\000e\000l\000t\000e\000\040\000a\000s\000\040\000F\000r\000o\000n\000t\000e\000n\000d\000\040\000F\000r\000a\000m\000e\000w\000o\000r\000k}{chapter*.49}% 33
\BOOKMARK [1][-]{section*.59}{\376\377\000A\000D\000R\000-\0000\0000\0003\000:\000\040\000P\000y\000t\000h\000o\000n\000\040\000S\000u\000b\000p\000r\000o\000c\000e\000s\000s\000\040\000f\000o\000r\000\040\000D\000e\000m\000o\000\040\000P\000a\000r\000s\000i\000n\000g}{chapter*.49}% 34
\BOOKMARK [1][-]{section*.64}{\376\377\000A\000D\000R\000-\0000\0000\0004\000:\000\040\000S\000Q\000L\000i\000t\000e\000\040\000a\000s\000\040\000P\000r\000i\000m\000a\000r\000y\000\040\000D\000a\000t\000a\000b\000a\000s\000e}{chapter*.49}% 35
\BOOKMARK [1][-]{section*.68}{\376\377\000A\000D\000R\000-\0000\0000\0005\000:\000\040\000P\000l\000a\000n\000t\000U\000M\000L\000\040\000f\000o\000r\000\040\000D\000i\000a\000g\000r\000a\000m\000s}{chapter*.49}% 36
\BOOKMARK [1][-]{section*.72}{\376\377\000A\000D\000R\000-\0000\0000\0006\000:\000\040\000P\000h\000a\000s\000e\000d\000\040\0003\000D\000\040\000I\000m\000p\000l\000e\000m\000e\000n\000t\000a\000t\000i\000o\000n}{chapter*.49}% 37
\BOOKMARK [0][-]{chapter*.77}{\376\377\000D\000e\000v\000e\000l\000o\000p\000m\000e\000n\000t}{}% 38
\BOOKMARK [1][-]{section*.78}{\376\377\000P\000r\000e\000r\000e\000q\000u\000i\000s\000i\000t\000e\000s}{chapter*.77}% 39
\BOOKMARK [1][-]{section*.79}{\376\377\000Q\000u\000i\000c\000k\000\040\000S\000t\000a\000r\000t}{chapter*.77}% 40
\BOOKMARK [1][-]{section*.80}{\376\377\000P\000r\000o\000j\000e\000c\000t\000\040\000S\000t\000r\000u\000c\000t\000u\000r\000e}{chapter*.77}% 41
\BOOKMARK [1][-]{section*.83}{\376\377\000D\000e\000v\000e\000l\000o\000p\000m\000e\000n\000t\000\040\000W\000o\000r\000k\000f\000l\000o\000w}{chapter*.77}% 42
\BOOKMARK [1][-]{section*.86}{\376\377\000T\000e\000s\000t\000i\000n\000g}{chapter*.77}% 43
\BOOKMARK [1][-]{section*.90}{\376\377\000C\000o\000d\000e\000\040\000Q\000u\000a\000l\000i\000t\000y}{chapter*.77}% 44
\BOOKMARK [1][-]{section*.93}{\376\377\000B\000u\000i\000l\000d\000i\000n\000g}{chapter*.77}% 45
\BOOKMARK [1][-]{section*.96}{\376\377\000C\000o\000n\000t\000r\000i\000b\000u\000t\000i\000n\000g}{chapter*.77}% 46
\BOOKMARK [1][-]{section*.99}{\376\377\000D\000e\000b\000u\000g\000g\000i\000n\000g}{chapter*.77}% 47
\BOOKMARK [0][-]{appendix*.103}{\376\377\000D\000a\000t\000a\000b\000a\000s\000e\000\040\000S\000c\000h\000e\000m\000a}{}% 48
\BOOKMARK [1][-]{section*.104}{\376\377\000C\000o\000r\000e\000\040\000T\000a\000b\000l\000e\000s}{appendix*.103}% 49
\BOOKMARK [1][-]{section*.109}{\376\377\000S\000t\000a\000t\000i\000s\000t\000i\000c\000s\000\040\000T\000a\000b\000l\000e\000s}{appendix*.103}% 50
\BOOKMARK [1][-]{section*.112}{\376\377\000I\000n\000d\000e\000x\000e\000s}{appendix*.103}% 51
\BOOKMARK [1][-]{section*.113}{\376\377\000E\000v\000e\000n\000t\000\040\000D\000a\000t\000a\000\040\000E\000x\000a\000m\000p\000l\000e\000s}{appendix*.103}% 52
